19:47:04 **** Incremental Build of configuration Debug for project Servo_Motor ****
make -j8 all 
arm-none-eabi-gcc "../Core/Src/main.c" -mcpu=cortex-m3 -std=gnu11 -g3 -DDEBUG -DUSE_HAL_DRIVER -DSTM32F103xB -c -I../Core/Inc -I../Drivers/STM32F1xx_HAL_Driver/Inc/Legacy -I../Drivers/STM32F1xx_HAL_Driver/Inc -I../Drivers/CMSIS/Device/ST/STM32F1xx/Include -I../Drivers/CMSIS/Include -O0 -ffunction-sections -fdata-sections -Wall -fstack-usage -fcyclomatic-complexity -MMD -MP -MF"Core/Src/main.d" -MT"Core/Src/main.o" --specs=nano.specs -mfloat-abi=soft -mthumb -o "Core/Src/main.o"
arm-none-eabi-gcc -o "Servo_Motor.elf" @"objects.list"   -mcpu=cortex-m3 -T"C:\Users\angel\Documents\STM32CUBE\Projects\Desk Robot\Servo_Motor\Servo_Motor\STM32F103C8TX_FLASH.ld" --specs=nosys.specs -Wl,-Map="Servo_Motor.map" -Wl,--gc-sections -static --specs=nano.specs -mfloat-abi=soft -mthumb -Wl,--start-group -lc -lm -Wl,--end-group
Finished building target: Servo_Motor.elf
 
arm-none-eabi-size  Servo_Motor.elf 
arm-none-eabi-objdump -h -S Servo_Motor.elf  > "Servo_Motor.list"
   text	   data	    bss	    dec	    hex	filename
   7004	     20	   1644	   8668	   21dc	Servo_Motor.elf
Finished building: default.size.stdout
 
Finished building: Servo_Motor.list
 
19:47:11 **** Incremental Build of configuration Debug for project Servo_Motor ****
make -j8 all 
arm-none-eabi-size  Servo_Motor.elf 
   text	   data	    bss	    dec	    hex	filename
   7004	     20	   1644	   8668	   21dc	Servo_Motor.elf
Finished building: default.size.stdout
 
19:48:37 **** Incremental Build of configuration Debug for project Servo_Motor ****
make -j8 all 
arm-none-eabi-size  Servo_Motor.elf 
   text	   data	    bss	    dec	    hex	filename
   7004	     20	   1644	   8668	   21dc	Servo_Motor.elf
Finished building: default.size.stdout
 
20:36:04 **** Incremental Build of configuration Debug for project Servo_Motor ****
make -j8 all 
arm-none-eabi-gcc "../Core/Src/main.c" -mcpu=cortex-m3 -std=gnu11 -g3 -DDEBUG -DUSE_HAL_DRIVER -DSTM32F103xB -c -I../Core/Inc -I../Drivers/STM32F1xx_HAL_Driver/Inc/Legacy -I../Drivers/STM32F1xx_HAL_Driver/Inc -I../Drivers/CMSIS/Device/ST/STM32F1xx/Include -I../Drivers/CMSIS/Include -O0 -ffunction-sections -fdata-sections -Wall -fstack-usage -fcyclomatic-complexity -MMD -MP -MF"Core/Src/main.d" -MT"Core/Src/main.o" --specs=nano.specs -mfloat-abi=soft -mthumb -o "Core/Src/main.o"
../Core/Src/main.c: In function 'main':
../Core/Src/main.c:123:6: warning: implicit declaration of function '_HAL_TOM_SET_COMPARE' [-Wimplicit-function-declaration]
  123 |      _HAL_TOM_SET_COMPARE(&htim4, TIM_CHANNEL_1,10);
      |      ^~~~~~~~~~~~~~~~~~~~
arm-none-eabi-gcc -o "Servo_Motor.elf" @"objects.list"   -mcpu=cortex-m3 -T"C:\Users\angel\Documents\STM32CUBE\Projects\Desk Robot\Servo_Motor\Servo_Motor\STM32F103C8TX_FLASH.ld" --specs=nosys.specs -Wl,-Map="Servo_Motor.map" -Wl,--gc-sections -static --specs=nano.specs -mfloat-abi=soft -mthumb -Wl,--start-group -lc -lm -Wl,--end-group
E:/STM32CubeIDE_1.14.1/STM32CubeIDE/plugins/com.st.stm32cube.ide.mcu.externaltools.gnu-tools-for-stm32.11.3.rel1.win32_1.1.100.202309141235/tools/bin/../lib/gcc/arm-none-eabi/11.3.1/../../../../arm-none-eabi/bin/ld.exe: ./Core/Src/main.o: in function `main':
C:/Users/angel/Documents/STM32CUBE/Projects/Desk Robot/Servo_Motor/Servo_Motor/Debug/../Core/Src/main.c:123: undefined reference to `_HAL_TOM_SET_COMPARE'
E:/STM32CubeIDE_1.14.1/STM32CubeIDE/plugins/com.st.stm32cube.ide.mcu.externaltools.gnu-tools-for-stm32.11.3.rel1.win32_1.1.100.202309141235/tools/bin/../lib/gcc/arm-none-eabi/11.3.1/../../../../arm-none-eabi/bin/ld.exe: C:/Users/angel/Documents/STM32CUBE/Projects/Desk Robot/Servo_Motor/Servo_Motor/Debug/../Core/Src/main.c:124: undefined reference to `_HAL_TOM_SET_COMPARE'
E:/STM32CubeIDE_1.14.1/STM32CubeIDE/plugins/com.st.stm32cube.ide.mcu.externaltools.gnu-tools-for-stm32.11.3.rel1.win32_1.1.100.202309141235/tools/bin/../lib/gcc/arm-none-eabi/11.3.1/../../../../arm-none-eabi/bin/ld.exe: C:/Users/angel/Documents/STM32CUBE/Projects/Desk Robot/Servo_Motor/Servo_Motor/Debug/../Core/Src/main.c:125: undefined reference to `_HAL_TOM_SET_COMPARE'
E:/STM32CubeIDE_1.14.1/STM32CubeIDE/plugins/com.st.stm32cube.ide.mcu.externaltools.gnu-tools-for-stm32.11.3.rel1.win32_1.1.100.202309141235/tools/bin/../lib/gcc/arm-none-eabi/11.3.1/../../../../arm-none-eabi/bin/ld.exe: C:/Users/angel/Documents/STM32CUBE/Projects/Desk Robot/Servo_Motor/Servo_Motor/Debug/../Core/Src/main.c:126: undefined reference to `_HAL_TOM_SET_COMPARE'
collect2.exe: error: ld returned 1 exit status
make: *** [makefile:64: Servo_Motor.elf] Error 1
"make -j8 all" terminated with exit code 2. Build might be incomplete.
20:37:46 **** Incremental Build of configuration Debug for project Servo_Motor ****
make -j8 all 
arm-none-eabi-gcc "../Core/Src/main.c" -mcpu=cortex-m3 -std=gnu11 -g3 -DDEBUG -DUSE_HAL_DRIVER -DSTM32F103xB -c -I../Core/Inc -I../Drivers/STM32F1xx_HAL_Driver/Inc/Legacy -I../Drivers/STM32F1xx_HAL_Driver/Inc -I../Drivers/CMSIS/Device/ST/STM32F1xx/Include -I../Drivers/CMSIS/Include -O0 -ffunction-sections -fdata-sections -Wall -fstack-usage -fcyclomatic-complexity -MMD -MP -MF"Core/Src/main.d" -MT"Core/Src/main.o" --specs=nano.specs -mfloat-abi=soft -mthumb -o "Core/Src/main.o"
arm-none-eabi-gcc -o "Servo_Motor.elf" @"objects.list"   -mcpu=cortex-m3 -T"C:\Users\angel\Documents\STM32CUBE\Projects\Desk Robot\Servo_Motor\Servo_Motor\STM32F103C8TX_FLASH.ld" --specs=nosys.specs -Wl,-Map="Servo_Motor.map" -Wl,--gc-sections -static --specs=nano.specs -mfloat-abi=soft -mthumb -Wl,--start-group -lc -lm -Wl,--end-group
Finished building target: Servo_Motor.elf
 
arm-none-eabi-size  Servo_Motor.elf 
arm-none-eabi-objdump -h -S Servo_Motor.elf  > "Servo_Motor.list"
   text	   data	    bss	    dec	    hex	filename
   7008	     20	   1644	   8672	   21e0	Servo_Motor.elf
Finished building: default.size.stdout
 
Finished building: Servo_Motor.list
 
